// Jest Snapshot v1, https://goo.gl/fbAQLP

exports[`should render Calculator correctly 1`] = `
<div
  className="calculator"
>
  <div
    className="display"
  >
    <div
      className="display--inner"
    >
      <h4
        className="display--value"
      >
        0
      </h4>
    </div>
  </div>
  <table
    className="keypad"
  >
    <tbody>
      <tr>
        <td
          width="25%"
        >
          <div
            className="button button--control"
            onClick={[Function]}
          >
            <div>
              C
            </div>
          </div>
        </td>
        <td
          colSpan={2}
          width="50%"
        >
          <div
            className="button button--control"
            onClick={[Function]}
          >
            <div>
              CE
            </div>
          </div>
        </td>
        <td
          width="25%"
        >
          <div
            className="button button--operator"
            onClick={[Function]}
          >
            <div>
              %
            </div>
          </div>
        </td>
      </tr>
      <tr>
        <td>
          <div
            className="button button--number"
            onClick={[Function]}
          >
            <div>
              1
            </div>
          </div>
        </td>
        <td>
          <div
            className="button button--number"
            onClick={[Function]}
          >
            <div>
              2
            </div>
          </div>
        </td>
        <td>
          <div
            className="button button--number"
            onClick={[Function]}
          >
            <div>
              3
            </div>
          </div>
        </td>
        <td>
          <div
            className="button button--operator"
            onClick={[Function]}
          >
            <div>
              /
            </div>
          </div>
        </td>
      </tr>
      <tr>
        <td>
          <div
            className="button button--number"
            onClick={[Function]}
          >
            <div>
              4
            </div>
          </div>
        </td>
        <td>
          <div
            className="button button--number"
            onClick={[Function]}
          >
            <div>
              5
            </div>
          </div>
        </td>
        <td>
          <div
            className="button button--number"
            onClick={[Function]}
          >
            <div>
              6
            </div>
          </div>
        </td>
        <td>
          <div
            className="button button--operator"
            onClick={[Function]}
          >
            <div>
              *
            </div>
          </div>
        </td>
      </tr>
      <tr>
        <td>
          <div
            className="button button--number"
            onClick={[Function]}
          >
            <div>
              7
            </div>
          </div>
        </td>
        <td>
          <div
            className="button button--number"
            onClick={[Function]}
          >
            <div>
              8
            </div>
          </div>
        </td>
        <td>
          <div
            className="button button--number"
            onClick={[Function]}
          >
            <div>
              9
            </div>
          </div>
        </td>
        <td>
          <div
            className="button button--operator"
            onClick={[Function]}
          >
            <div>
              -
            </div>
          </div>
        </td>
      </tr>
      <tr>
        <td>
          <div
            className="button button--control"
            onClick={[Function]}
          >
            <div>
              del
            </div>
          </div>
        </td>
        <td>
          <div
            className="button button--number"
            onClick={[Function]}
          >
            <div>
              0
            </div>
          </div>
        </td>
        <td>
          <div
            className="button button--control"
            onClick={[Function]}
          >
            <div>
              .
            </div>
          </div>
        </td>
        <td>
          <div
            className="button button--operator"
            onClick={[Function]}
          >
            <div>
              +
            </div>
          </div>
        </td>
      </tr>
      <tr>
        <td
          colSpan={4}
        >
          <div
            className="button button--control button--control-equals"
            onClick={[Function]}
          >
            <div>
              =
            </div>
          </div>
        </td>
      </tr>
    </tbody>
  </table>
</div>
`;
